<?xml version="1.0" encoding="utf-8"?><testsuites name="pytest tests"><testsuite name="pytest" errors="0" failures="0" skipped="0" tests="2" time="8.709" timestamp="2025-11-09T04:10:49.142121+08:00" hostname="DESKTOP-2K6QUFG"><testcase classname="tests.test_ip_info_gui" name="test_fetch_ip_data_returns_dict" time="4.198" /><testcase classname="tests.test_ip_info_gui" name="test_fetch_ip_data_has_required_keys" time="4.240" /></testsuite></testsuites>